============================= test session starts =============================
platform win32 -- Python 3.12.10, pytest-9.0.2, pluggy-1.6.0 -- C:\Users\Guillaume\Downloads\Scripts\Openspartan-graph\.venv\Scripts\python.exe
cachedir: .pytest_cache
rootdir: C:\Users\Guillaume\Downloads\Scripts\Openspartan-graph
configfile: pyproject.toml
plugins: asyncio-1.3.0, cov-7.0.0, xdist-3.8.0
asyncio: mode=Mode.AUTO, debug=False, asyncio_default_fixture_loop_scope=None, asyncio_default_test_loop_scope=function
collecting ... collected 10 items

tests/test_cache_duckdb_regressions.py::test_cached_load_match_rosters_not_none PASSED [ 10%]
tests/test_cache_duckdb_regressions.py::test_cached_load_match_rosters_returns_none_for_invalid_match PASSED [ 20%]
tests/test_cache_duckdb_regressions.py::test_cached_query_matches_with_friend_not_empty PASSED [ 30%]
tests/test_cache_duckdb_regressions.py::test_cached_query_matches_with_friend_empty_when_no_shared_matches PASSED [ 40%]
tests/test_cache_duckdb_regressions.py::test_cached_same_team_match_ids_with_friend_not_empty PASSED [ 50%]
tests/test_cache_duckdb_regressions.py::test_cached_same_team_match_ids_with_friend_empty_when_no_same_team PASSED [ 60%]
tests/test_cache_duckdb_regressions.py::test_duckdb_repo_load_match_rosters PASSED [ 70%]
tests/test_cache_duckdb_regressions.py::test_duckdb_repo_load_matches_with_teammate PASSED [ 80%]
tests/test_cache_duckdb_regressions.py::test_duckdb_repo_load_same_team_match_ids PASSED [ 90%]
tests/test_cache_duckdb_regressions.py::test_information_schema_not_sqlite_master PASSED [100%]

============================= 10 passed in 3.50s ==============================
